// Jest Snapshot v1, https://goo.gl/fbAQLP

exports[`AddRecipe renders correctly 1`] = `
<DocumentFragment>
  <div
    class="add-recipe"
  >
    <form>
      <div>
        <label
          for="title"
        >
          Title:
          <input
            id="title"
            name="title"
            placeholder="Enter the title"
            type="text"
            value=""
          />
        </label>
      </div>
      <div>
        <label
          for="cuisine"
        >
          Cuisine:
          <select
            id="cuisine"
            name="cuisine"
          >
            <option
              disabled=""
              value=""
            >
              --Select a cuisine--
            </option>
            <option
              value="Italian"
            >
              Italian
            </option>
            <option
              value="Chinese"
            >
              Chinese
            </option>
            <option
              value="Japanese"
            >
              Japanese
            </option>
            <option
              value="Indian"
            >
              Indian
            </option>
            <option
              value="Mexican"
            >
              Mexican
            </option>
            <option
              value="French"
            >
              French
            </option>
            <option
              value="Thai"
            >
              Thai
            </option>
            <option
              value="Spanish"
            >
              Spanish
            </option>
            <option
              value="Middle Eastern"
            >
              Middle Eastern
            </option>
            <option
              value="Korean"
            >
              Korean
            </option>
          </select>
        </label>
      </div>
      <div>
        <label
          for="dietaryRequirements"
        >
          Dietary Requirements:
          <select
            id="dietaryRequirements"
            name="dietaryRequirements"
          >
            <option
              disabled=""
              value=""
            >
              --Select a dietary requirement--
            </option>
            <option
              value="None"
            >
              None
            </option>
            <option
              value="Vegetarian"
            >
              Vegetarian
            </option>
            <option
              value="Vegan"
            >
              Vegan
            </option>
            <option
              value="Gluten-Free"
            >
              Gluten-Free
            </option>
            <option
              value="Dairy-Free"
            >
              Dairy-Free
            </option>
            <option
              value="Pescatarian"
            >
              Pescatarian
            </option>
          </select>
        </label>
      </div>
      <div>
        <label
          for="ingredients"
        >
          Ingredients:
          <div
            class="ingredient-field"
          >
            <input
              id="ingredientName-0"
              placeholder="Ingredient Name"
              type="text"
              value=""
            />
            <input
              id="measurement-0"
              placeholder="Measurement Unit"
              type="text"
              value=""
            />
          </div>
          <button
            type="button"
          >
            Add Ingredient
          </button>
        </label>
      </div>
      <div>
        <label
          for="instructions"
        >
          Instructions:
          <textarea
            id="instructions"
            name="instructions"
            placeholder="Enter the instructions"
          />
        </label>
      </div>
      <div>
        <label
          for="prepTime"
        >
          Prep Time (minutes):
          <input
            id="prepTime"
            name="prepTime"
            placeholder="Enter the prep time"
            type="number"
            value=""
          />
        </label>
      </div>
      <div>
        <label
          for="cookingTime"
        >
          Cooking Time (minutes):
          <input
            id="cookingTime"
            name="cookingTime"
            placeholder="Enter the cooking time"
            type="number"
            value=""
          />
        </label>
      </div>
      <div>
        <label
          for="servings"
        >
          Servings:
          <input
            id="servings"
            name="servings"
            placeholder="Enter the number of servings"
            type="number"
            value=""
          />
        </label>
      </div>
      <div>
        <button
          type="submit"
        >
          Add
        </button>
      </div>
    </form>
  </div>
</DocumentFragment>
`;
