// Jest Snapshot v1, https://goo.gl/fbAQLP

exports[`CookBook renders correctly 1`] = `
<DocumentFragment>
  <div
    class="cookbook"
  >
    <div
      class="list"
    >
      <h2>
        My Recipes
      </h2>
      <ul
        class="vertical-list"
      />
    </div>
    <div
      class="ingredients"
    >
      <div
        class="ingredients-list"
      >
        <h2>
          Ingredients
        </h2>
        <ul
          class="vertical-list"
        />
      </div>
    </div>
  </div>
</DocumentFragment>
`;
