// Jest Snapshot v1, https://goo.gl/fbAQLP

exports[`NavBar renders correctly 1`] = `
<DocumentFragment>
  <nav>
    <ul>
      <li>
        <a
          href="/"
        >
          Home
        </a>
      </li>
      <li>
        <a
          href="/cookbook"
        >
          CookBook
        </a>
      </li>
      <li>
        <a
          href="/create-a-recipe"
        >
          Create A Recipe
        </a>
      </li>
      <li>
        <a
          href="/login"
        >
          Login
        </a>
      </li>
    </ul>
  </nav>
</DocumentFragment>
`;
